// Jest Snapshot v1, https://goo.gl/fbAQLP

exports[`returns a new state map with the decision text in it 1`] = `
Immutable.Map {
  "decisionText": "here is my new decision text",
}
`;
