// Jest Snapshot v1, https://goo.gl/fbAQLP

exports[`gives the expected initial state 1`] = `Immutable.Map {}`;
